Removed Regions Report
====================================================================================================

Chromosome: NC_134080.1
----------------------------------------------------------------------------------------------------
Region Name          Start      End        Length     Shifted Start  
----------------------------------------------------------------------------------------------------
Region1              10         20         11         10             
Region2              50         60         11         39             
Region3              75         82         8          53             

Total regions removed: 3

Chromosome: NC_134081.1
----------------------------------------------------------------------------------------------------
Region Name          Start      End        Length     Shifted Start  
----------------------------------------------------------------------------------------------------
RegionX              5          25         21         5              

Total regions removed: 1

